 
Created fresh repository.
Checking out a3b12f62 as detached HEAD (ref is main)...
Skipping Git submodules setup
$ git remote set-url origin "${CI_REPOSITORY_URL}"
Executing "step_script" stage of the job script

Using docker image sha256:920700fe846074b1d2aba9cb209759d4e355824b46e2431e8e0bbdcfcb63b3f7 for public.ecr.aws/f5s3w0u8/opentofu:latest with digest public.ecr.aws/f5s3w0u8/opentofu@sha256:0668d675d7d160bfae21ca776a9a652dacb42c8481739d1ac416506eb1b71179 ...
$ rm -rf .terraform
$ tofu --version
OpenTofu v1.9.0
on linux_amd64
$ echo "Configuring Terraform Backend"
Configuring Terraform Backend
$ export TF_HTTP_ADDRESS="https://gitlab.com/api/v4/projects/${CI_PROJECT_ID}/terraform/state/${ENV_LC}"
$ export TF_HTTP_LOCK_ADDRESS="https://gitlab.com/api/v4/projects/${CI_PROJECT_ID}/terraform/state/${ENV_LC}/lock"
$ export TF_HTTP_UNLOCK_ADDRESS="https://gitlab.com/api/v4/projects/${CI_PROJECT_ID}/terraform/state/${ENV_LC}/lock"
$ export TF_HTTP_LOCK_METHOD="POST"
$ export TF_HTTP_UNLOCK_METHOD="DELETE"
$ export TF_HTTP_USERNAME="$MY_CI_JOB_KEY"
$ export TF_HTTP_PASSWORD="$MY_CI_JOB_TOKEN"
$ tofu init
Initializing the backend...
Successfully configured the backend "http"! OpenTofu will automatically
use this backend unless the backend configuration changes.
Initializing provider plugins...
- Finding latest version of hashicorp/aws...
- Installing hashicorp/aws v5.92.0...
- Installed hashicorp/aws v5.92.0 (signed, key ID 0C0AF313E5FD9F80)
Providers are signed by their developers.
If you'd like to know more about provider signing, you can read about it here:
https://opentofu.org/docs/cli/plugins/signing/
OpenTofu has created a lock file .terraform.lock.hcl to record the provider
selections it made above. Include this file in your version control repository
so that OpenTofu can guarantee to make the same selections by default when
you run "tofu init" in the future.
OpenTofu has been successfully initialized!
You may now begin working with OpenTofu. Try running "tofu plan" to see
any changes that are required for your infrastructure. All OpenTofu commands
should now work.
If you ever set or change modules or backend configuration for OpenTofu,
rerun this command to reinitialize your working directory. If you forget, other
commands will detect it and remind you to do so if necessary.
$ tofu plan -out "planfile"
data.aws_caller_identity.current: Reading...
data.aws_caller_identity.current: Read complete after 0s [id=123456789012]
OpenTofu used the selected providers to generate the following execution
plan. Resource actions are indicated with the following symbols:
  + create
OpenTofu will perform the following actions:
  # aws_apigatewayv2_api.s3_photos_viewer will be created
  + resource "aws_apigatewayv2_api" "s3_photos_viewer" {
      + api_endpoint                 = (known after apply)
      + api_key_selection_expression = "$request.header.x-api-key"
      + arn                          = (known after apply)
      + execution_arn                = (known after apply)
      + id                           = (known after apply)
      + name                         = "s3-photos-viewer"
      + protocol_type                = "HTTP"
      + route_selection_expression   = "$request.method $request.path"
      + tags_all                     = (known after apply)
    }
  # aws_apigatewayv2_integration.lambda will be created
  + resource "aws_apigatewayv2_integration" "lambda" {
      + api_id                                    = (known after apply)
      + connection_type                           = "INTERNET"
      + id                                        = (known after apply)
      + integration_method                        = "POST"
      + integration_response_selection_expression = (known after apply)
      + integration_type                          = "AWS_PROXY"
      + integration_uri                           = (known after apply)
      + payload_format_version                    = "1.0"
      + timeout_milliseconds                      = (known after apply)
    }
  # aws_apigatewayv2_route.proxy will be created
  + resource "aws_apigatewayv2_route" "proxy" {
      + api_id             = (known after apply)
      + api_key_required   = false
      + authorization_type = "NONE"
      + id                 = (known after apply)
      + route_key          = "$default"
      + target             = (known after apply)
    }
  # aws_apigatewayv2_stage.s3_photos_viewer will be created
  + resource "aws_apigatewayv2_stage" "s3_photos_viewer" {
      + api_id        = (known after apply)
      + arn           = (known after apply)
      + auto_deploy   = true
      + deployment_id = (known after apply)
      + execution_arn = (known after apply)
      + id            = (known after apply)
      + invoke_url    = (known after apply)
      + name          = "$default"
      + tags_all      = (known after apply)
    }
  # aws_cloudwatch_log_group.lambda_log_group will be created
  + resource "aws_cloudwatch_log_group" "lambda_log_group" {
      + arn               = (known after apply)
      + id                = (known after apply)
      + log_group_class   = (known after apply)
      + name              = "/aws/lambda/s3-photos-browser"
      + name_prefix       = (known after apply)
      + retention_in_days = 0
      + skip_destroy      = false
      + tags_all          = (known after apply)
    }
  # aws_iam_role.lambda_exec will be created
  + resource "aws_iam_role" "lambda_exec" {
      + arn                   = (known after apply)
      + assume_role_policy    = jsonencode(
            {
              + Statement = [
                  + {
                      + Action    = "sts:AssumeRole"
                      + Effect    = "Allow"
                      + Principal = {
                          + Service = "lambda.amazonaws.com"
                        }
                    },
                ]
              + Version   = "2012-10-17"
            }
        )
      + create_date           = (known after apply)
      + force_detach_policies = false
      + id                    = (known after apply)
      + managed_policy_arns   = (known after apply)
      + max_session_duration  = 3600
      + name                  = "lambda_exec_role-s3-photos-browser"
      + name_prefix           = (known after apply)
      + path                  = "/"
      + tags_all              = (known after apply)
      + unique_id             = (known after apply)
      + inline_policy (known after apply)
    }
  # aws_iam_role_policy_attachment.lambda_role_policy will be created
  + resource "aws_iam_role_policy_attachment" "lambda_role_policy" {
      + id         = (known after apply)
      + policy_arn = "arn:aws:iam::aws:policy/service-role/AWSLambdaBasicExecutionRole"
      + role       = "lambda_exec_role-s3-photos-browser"
    }
  # aws_lambda_function.s3_photos_viewer will be created
  + resource "aws_lambda_function" "s3_photos_viewer" {
      + architectures                  = (known after apply)
      + arn                            = (known after apply)
      + code_sha256                    = (known after apply)
      + function_name                  = "s3-photos-browser"
      + id                             = (known after apply)
      + image_uri                      = "123456789012.dkr.ecr.us-east-1.amazonaws.com/s3-photos-browser:latest"
      + invoke_arn                     = (known after apply)
      + last_modified                  = (known after apply)
      + memory_size                    = 128
      + package_type                   = "Image"
      + publish                        = false
      + qualified_arn                  = (known after apply)
      + qualified_invoke_arn           = (known after apply)
      + reserved_concurrent_executions = -1
      + role                           = (known after apply)
      + signing_job_arn                = (known after apply)
      + signing_profile_version_arn    = (known after apply)
      + skip_destroy                   = false
      + source_code_hash               = (known after apply)
      + source_code_size               = (known after apply)
      + tags_all                       = (known after apply)
      + timeout                        = 30
      + version                        = (known after apply)
      + environment {
          + variables = {
              + "BUCKET_NAME" = "your-s3-bucket-name"
            }
        }
      + ephemeral_storage (known after apply)
      + logging_config (known after apply)
      + tracing_config (known after apply)
    }
  # aws_lambda_permission.apigw will be created
  + resource "aws_lambda_permission" "apigw" {
      + action              = "lambda:InvokeFunction"
      + function_name       = "s3-photos-browser"
      + id                  = (known after apply)
      + principal           = "apigateway.amazonaws.com"
      + source_arn          = (known after apply)
      + statement_id        = "AllowAPIGatewayInvoke"
      + statement_id_prefix = (known after apply)
    }
Plan: 9 to add, 0 to change, 0 to destroy.
